
> frontend@0.1.0 test:unit
> vitest src/tests/errorHandler.spec.js


[1m[44m DEV [49m[22m [34mv4.0.18 [39m[90mC:/Users/thinhpxp/Webapp_vietbank/frontend[39m

 [32mΓ£ô[39m src/tests/errorHandler.spec.js [2m([22m[2m7 tests[22m[2m)[22m[32m 6[2mms[22m[39m

[2m Test Files [22m [1m[32m1 passed[39m[22m[90m (1)[39m
[2m      Tests [22m [1m[32m7 passed[39m[22m[90m (7)[39m
[2m   Start at [22m 08:32:01
[2m   Duration [22m 1.97s[2m (transform 79ms, setup 0ms, import 111ms, tests 6ms, environment 1.54s)[22m

[1m[42m PASS [49m[22m [32mWaiting for file changes...[39m
       [2mpress [22m[1mh[22m[2m to show help[22m[2m, [22m[2mpress [22m[1mq[22m[2m to quit[22m
